// Jest Snapshot v1, https://goo.gl/fbAQLP

exports[`icon xxx 1`] = `
<svg
  className="lzy-icon"
>
  <use
    xlinkHref="#wechat"
  />
</svg>
`;
